<html><head></head><body><div class="a">
    <div class="b">
        <div class="c"></div>
        <div class="d"></div>
        <div class="d"></div>
        <div class="c"></div>
    </div>
</div></body></html>