<div ui-view class="a b">
    <div class="c">
        <div class="d">
            <h1>Groups</h1>

            <nav class="e f">
                <div class="g">
                    <form class="h">
                        <div class="d">
                            <div class="i">
                                <label class="j k">Course</label>
                                <div class="l">
                                    <select class="m" ng-model="vm.course" ng-change="vm.courseChanged()"
                                            ng-options="course as course.name for course in vm.courses">
                                        <option value="">all</option>
                                    </select>
                                </div>

                                <label class="j k">Semester</label>
                                <div class="l">
                                    <select class="m" ng-model="vm.semester"
                                            ng-options="semester for semester in vm.semesters" ng-disabled="!vm.course">
                                        <option value="">all</option>
                                    </select>
                                </div>

                                <label class="j k">Group type</label>
                                <div class="l">
                                    <select class="m" ng-model="vm.subjectType"
                                            ng-options="type as type.name for type in vm.subjectTypes">
                                        <option value="">all</option>
                                    </select>
                                </div>
                            </div>

                            <div class="i n">
                                <button class="o p" type="button" ng-click="vm.addGroupModal()">
                                    <i class="q r"></i> Add group
                                </button>
                            </div>
                        </div>
                    </form>
                </div>
            </nav>

            <div class="s">
                <div ng-show="!vm.filteredGroups.length" class="e f">
                    <div class="g">
                        <span class="q t u v w"></span>
                        No results.
                    </div>
                </div>
                <div ng-show="vm.filteredGroups.length">
                    <table class="x y z A">
                        <thead>
                        <th>course</th>
                        <th>semester</th>
                        <th>group nr</th>
                        <th>type</th>
                        </thead>
                        <tbody>
                        <tr ng-repeat="group in vm.filteredGroups | orderBy: ['courseName', 'year', 'semester', 'name'] | filter: vm.pageFilter track by $index">
                            <td><a ui-sref="app.groups.group({groupsId: group.groupsId})">{{group.course.name}}
                                <small class="w">{{group.course.type.name}}</small>
                            </a></td>
                            <td><a ui-sref="app.groups.group({groupsId: group.groupsId})">{{group.semester}}</a></td>
                            <td><a ui-sref="app.groups.group({groupsId: group.groupsId})"><strong>{{group.number}}<span
                                    ng-show="group.overdue.active" class="text-danger"
                                    tooltip="Przedmiot: {{group.overdue.subject.name}}"> ITN</span></strong></a></td>
                            <td><a ui-sref="app.groups.group({groupsId: group.groupsId})">{{group.type.name}}</a></td>
                        </tr>
                        </tbody>
                        <tfoot ng-show="vm.pagination.pages > 1">
                        <tr>
                            <td colspan="4" class="B">
                                <pagination total-items="vm.pagination.total" ng-model="vm.pagination.page"
                                            items-per-page="vm.pagination.pageSize" max-size="10" boundary-links="true"
                                            rotate="false" first-text="&laquo;" last-text="&raquo;"
                                            previous-text="&lsaquo;" next-text="&rsaquo;"></pagination>
                            </td>
                        </tr>
                        </tfoot>
                    </table>
                </div>
            </div>
        </div>
    </div>
</div>